dsh web: http://127.0.0.1:3081
[09/23/26 10:04:39] INFO     Connected (version 2.0, client    transport.py:1786
                             OpenSSH_8.0)                                       
                    INFO     Authentication (publickey)        transport.py:1786
                             successful!                                        
[09/23/26 10:04:40] INFO     [chan 2] Opened sftp connection (server sftp.py:169
                             version 3)                                         
                    INFO     [chan 2] sftp session closed.           sftp.py:169
[09/23/26 10:08:13] INFO     Connected (version 2.0, client    transport.py:1786
                             OpenSSH_8.0)                                       
[09/23/26 10:08:14] INFO     Authentication (publickey)        transport.py:1786
                             successful!                                        
                    INFO     [chan 1] Opened sftp connection (server sftp.py:169
                             version 3)                                         
[09/23/26 10:08:16] INFO     [chan 1] sftp session closed.           sftp.py:169
[09/23/26 10:08:22] INFO     Connected (version 2.0, client    transport.py:1786
                             OpenSSH_8.0)                                       
[09/23/26 10:08:23] INFO     Authentication (publickey)        transport.py:1786
                             successful!                                        
                    INFO     [chan 1] Opened sftp connection (server sftp.py:169
                             version 3)                                         
[09/23/26 10:08:25] INFO     [chan 1] sftp session closed.           sftp.py:169
[09/23/26 10:08:26] INFO     Connected (version 2.0, client    transport.py:1786
                             OpenSSH_8.0)                                       
                    INFO     Authentication (publickey)        transport.py:1786
                             successful!                                        
                    INFO     [chan 0] Opened sftp connection (server sftp.py:169
                             version 3)                                         
[09/23/26 10:08:27] INFO     [chan 0] sftp session closed.           sftp.py:169
[09/23/26 10:08:29] INFO     Connected (version 2.0, client    transport.py:1786
                             OpenSSH_8.0)                                       
                    INFO     Authentication (publickey)        transport.py:1786
                             successful!                                        
[09/23/26 10:08:31] INFO     Connected (version 2.0, client    transport.py:1786
                             OpenSSH_8.0)                                       
[09/23/26 10:08:32] INFO     Authentication (publickey)        transport.py:1786
                             successful!                                        
[09/23/26 10:09:00] INFO     Connected (version 2.0, client    transport.py:1786
                             OpenSSH_8.0)                                       
                    INFO     Authentication (publickey)        transport.py:1786
                             successful!                                        
[09/23/26 10:09:03] INFO     Connected (version 2.0, client    transport.py:1786
                             OpenSSH_8.0)                                       
[09/23/26 10:09:04] INFO     Authentication (publickey)        transport.py:1786
                             successful!                                        
                    INFO     [chan 0] Opened sftp connection (server sftp.py:169
                             version 3)                                         
                    INFO     [chan 0] sftp session closed.           sftp.py:169
[09/23/26 10:09:09] INFO     Connected (version 2.0, client    transport.py:1786
                             OpenSSH_8.0)                                       
[09/23/26 10:09:10] INFO     Authentication (publickey)        transport.py:1786
                             successful!                                        
[09/23/26 10:09:11] INFO     Connected (version 2.0, client    transport.py:1786
                             OpenSSH_8.0)                                       
                    INFO     Authentication (publickey)        transport.py:1786
                             successful!                                        
[09/23/26 10:09:12] INFO     [chan 0] Opened sftp connection (server sftp.py:169
                             version 3)                                         
                    INFO     [chan 0] sftp session closed.           sftp.py:169
